exports[`Student holds a student 1`] = `
Object {
  "advisor": "",
  "creditsNeeded": 35,
  "dateCreated": "2017-01-29T20:21:22.411Z",
  "dateLastModified": "2017-01-29T20:21:22.411Z",
  "fabrications": Array [],
  "fulfillments": Object {},
  "graduation": 2016,
  "id": "demo",
  "matriculation": 2012,
  "name": "Hawken MacKay Rives",
  "overrides": Object {
    "concentration.bmed.ethicalConsiderations": 52215,
    "concentration.bmed.highLevelElective": 52341,
    "concentration.bmed.practicalApplication": 52412,
    "course.623423.prerequisites.263234": true,
    "credits.needed": 35,
    "credits.taken": 1,
    "degree.ba.education.foundation.firstYearWriting": true,
    "degree.ba.graduation": true,
    "degree.bm.graduation.courses": true,
    "major.csci.foundation.cs1": true,
  },
  "schedules": Object {
    "1": Object {
      "active": true,
      "clbids": Array [
        82908,
        82768,
        82792,
        83505,
      ],
      "id": "1",
      "index": 1,
      "metadata": Object {},
      "semester": 1,
      "title": "Schedule 1",
      "year": 2012,
    },
    "10": Object {
      "active": true,
      "clbids": Array [
        95842,
        97333,
        95594,
        97582,
        97407,
      ],
      "id": "10",
      "index": 1,
      "metadata": Object {},
      "semester": 3,
      "title": "Schedule 1",
      "year": 2014,
    },
    "11": Object {
      "active": true,
      "clbids": Array [
        102748,
        100423,
        100346,
        99504,
        103276,
      ],
      "id": "11",
      "index": 1,
      "metadata": Object {},
      "semester": 1,
      "title": "Schedule 1",
      "year": 2015,
    },
    "12": Object {
      "active": true,
      "clbids": Array [
        101017,
        101018,
      ],
      "id": "12",
      "index": 1,
      "metadata": Object {},
      "semester": 2,
      "title": "Schedule 1",
      "year": 2015,
    },
    "13": Object {
      "active": true,
      "clbids": Array [
        101230,
        103170,
        102161,
        102075,
      ],
      "id": "13",
      "index": 1,
      "metadata": Object {},
      "semester": 3,
      "title": "Schedule 1",
      "year": 2015,
    },
    "14": Object {
      "active": false,
      "clbids": Array [
        82908,
        91746,
        92908,
        97217,
      ],
      "id": "14",
      "index": 2,
      "metadata": Object {},
      "semester": 1,
      "title": "Schedule 2",
      "year": 2012,
    },
    "2": Object {
      "active": true,
      "clbids": Array [
        85898,
      ],
      "id": "2",
      "index": 1,
      "metadata": Object {},
      "semester": 2,
      "title": "Schedule 1",
      "year": 2012,
    },
    "3": Object {
      "active": true,
      "clbids": Array [
        84512,
        84461,
        84378,
        85991,
        85992,
      ],
      "id": "3",
      "index": 1,
      "metadata": Object {},
      "semester": 3,
      "title": "Schedule 1",
      "year": 2012,
    },
    "4": Object {
      "active": true,
      "clbids": Array [
        89090,
        88273,
        88681,
        88593,
        88630,
      ],
      "id": "4",
      "index": 1,
      "metadata": Object {},
      "semester": 1,
      "title": "Schedule 1",
      "year": 2013,
    },
    "5": Object {
      "active": true,
      "clbids": Array [
        89466,
      ],
      "id": "5",
      "index": 1,
      "metadata": Object {},
      "semester": 2,
      "title": "Schedule 1",
      "year": 2013,
    },
    "6": Object {
      "active": true,
      "clbids": Array [
        90719,
        89957,
        90339,
        90172,
      ],
      "id": "6",
      "index": 1,
      "metadata": Object {},
      "semester": 3,
      "title": "Schedule 1",
      "year": 2013,
    },
    "7": Object {
      "active": true,
      "clbids": Array [
        97217,
        97120,
        97119,
        97125,
      ],
      "id": "7",
      "index": 1,
      "metadata": Object {},
      "semester": 1,
      "title": "Schedule 1",
      "year": 2014,
    },
    "8": Object {
      "active": true,
      "clbids": Array [
        99351,
      ],
      "id": "8",
      "index": 1,
      "metadata": Object {},
      "semester": 2,
      "title": "Schedule 1",
      "year": 2014,
    },
    "9": Object {
      "active": false,
      "clbids": Array [
        97174,
      ],
      "id": "9",
      "index": 2,
      "metadata": Object {},
      "semester": 2,
      "title": "Schedule 2",
      "year": 2014,
    },
  },
  "settings": Object {
    "exampleSetting": true,
  },
  "studies": Array [
    Object {
      "name": "Bachelor of Arts",
      "revision": "latest",
      "type": "degree",
    },
    Object {
      "name": "Computer Science",
      "revision": "latest",
      "type": "major",
    },
    Object {
      "name": "Asian Studies",
      "revision": "latest",
      "type": "major",
    },
    Object {
      "name": "Physics",
      "revision": "latest",
      "type": "major",
    },
    Object {
      "name": "Mathematics",
      "revision": "latest",
      "type": "major",
    },
    Object {
      "name": "Japan Studies",
      "revision": "latest",
      "type": "concentration",
    },
    Object {
      "name": "Statistics",
      "revision": "latest",
      "type": "concentration",
    },
    Object {
      "isCustom": true,
      "name": "Custom!",
      "revision": "1",
      "source": "name: Custom!
type: emphasis
revision: \'1\'
result: Requirement Title Goes Here

Requirement Title Goes Here:
  CSCI 121 & CSCI 251",
      "type": "emphasis",
    },
  ],
  "version": "3.0.0-test",
}
`;
